<?xml version="1.0"?>
<link_info>
   <banner>MSP430 Linker Unix v4.4.5</banner>
   <copyright>Copyright (c) 2003-2015 Texas Instruments Incorporated</copyright>
   <link_time>0x55e853f3</link_time>
   <link_errors>0x0</link_errors>
   <output_file>WiFi-RGB-LED-Clock.out</output_file>
   <entry_point>
      <name>_c_int00_noargs_noexit_mpu</name>
      <address>0x4472</address>
   </entry_point>
   <input_file_list>
      <input_file id="fl-2">
         <path>./</path>
         <kind>object</kind>
         <file>ClockSPI.obj</file>
         <name>ClockSPI.obj</name>
      </input_file>
      <input_file id="fl-3">
         <path>./</path>
         <kind>object</kind>
         <file>RTC.obj</file>
         <name>RTC.obj</name>
      </input_file>
      <input_file id="fl-4">
         <path>./</path>
         <kind>object</kind>
         <file>SegmentNumbers.obj</file>
         <name>SegmentNumbers.obj</name>
      </input_file>
      <input_file id="fl-5">
         <path>./</path>
         <kind>object</kind>
         <file>main.obj</file>
         <name>main.obj</name>
      </input_file>
      <input_file id="fl-6">
         <path>./spi/</path>
         <kind>object</kind>
         <file>spi.obj</file>
         <name>spi.obj</name>
      </input_file>
      <input_file id="fl-7">
         <path>./simplelink/source/</path>
         <kind>object</kind>
         <file>device.obj</file>
         <name>device.obj</name>
      </input_file>
      <input_file id="fl-8">
         <path>./simplelink/source/</path>
         <kind>object</kind>
         <file>driver.obj</file>
         <name>driver.obj</name>
      </input_file>
      <input_file id="fl-9">
         <path>./simplelink/source/</path>
         <kind>object</kind>
         <file>flowcont.obj</file>
         <name>flowcont.obj</name>
      </input_file>
      <input_file id="fl-a">
         <path>./simplelink/source/</path>
         <kind>object</kind>
         <file>fs.obj</file>
         <name>fs.obj</name>
      </input_file>
      <input_file id="fl-b">
         <path>./simplelink/source/</path>
         <kind>object</kind>
         <file>netapp.obj</file>
         <name>netapp.obj</name>
      </input_file>
      <input_file id="fl-c">
         <path>./simplelink/source/</path>
         <kind>object</kind>
         <file>netcfg.obj</file>
         <name>netcfg.obj</name>
      </input_file>
      <input_file id="fl-d">
         <path>./simplelink/source/</path>
         <kind>object</kind>
         <file>nonos.obj</file>
         <name>nonos.obj</name>
      </input_file>
      <input_file id="fl-e">
         <path>./simplelink/source/</path>
         <kind>object</kind>
         <file>socket.obj</file>
         <name>socket.obj</name>
      </input_file>
      <input_file id="fl-f">
         <path>./simplelink/source/</path>
         <kind>object</kind>
         <file>spawn.obj</file>
         <name>spawn.obj</name>
      </input_file>
      <input_file id="fl-10">
         <path>./simplelink/source/</path>
         <kind>object</kind>
         <file>wlan.obj</file>
         <name>wlan.obj</name>
      </input_file>
      <input_file id="fl-11">
         <path>./cli_uart/</path>
         <kind>object</kind>
         <file>cli_uart.obj</file>
         <name>cli_uart.obj</name>
      </input_file>
      <input_file id="fl-12">
         <path>./board/</path>
         <kind>object</kind>
         <file>board.obj</file>
         <name>board.obj</name>
      </input_file>
      <input_file id="fl-4d">
         <path>/home/lars/ti/ccsv6/tools/compiler/ti-cgt-msp430_4.4.5/lib/</path>
         <kind>archive</kind>
         <file>rts430x_lc_rd_eabi.lib</file>
         <name>copy_decompress_none.obj</name>
      </input_file>
      <input_file id="fl-4e">
         <path>/home/lars/ti/ccsv6/tools/compiler/ti-cgt-msp430_4.4.5/lib/</path>
         <kind>archive</kind>
         <file>rts430x_lc_rd_eabi.lib</file>
         <name>copy_decompress_rle.obj</name>
      </input_file>
      <input_file id="fl-4f">
         <path>/home/lars/ti/ccsv6/tools/compiler/ti-cgt-msp430_4.4.5/lib/</path>
         <kind>archive</kind>
         <file>rts430x_lc_rd_eabi.lib</file>
         <name>int30.obj</name>
      </input_file>
      <input_file id="fl-50">
         <path>/home/lars/ti/ccsv6/tools/compiler/ti-cgt-msp430_4.4.5/lib/</path>
         <kind>archive</kind>
         <file>rts430x_lc_rd_eabi.lib</file>
         <name>isr_trap.obj</name>
      </input_file>
      <input_file id="fl-51">
         <path>/home/lars/ti/ccsv6/tools/compiler/ti-cgt-msp430_4.4.5/lib/</path>
         <kind>archive</kind>
         <file>rts430x_lc_rd_eabi.lib</file>
         <name>int32.obj</name>
      </input_file>
      <input_file id="fl-52">
         <path>/home/lars/ti/ccsv6/tools/compiler/ti-cgt-msp430_4.4.5/lib/</path>
         <kind>archive</kind>
         <file>rts430x_lc_rd_eabi.lib</file>
         <name>int33.obj</name>
      </input_file>
      <input_file id="fl-53">
         <path>/home/lars/ti/ccsv6/tools/compiler/ti-cgt-msp430_4.4.5/lib/</path>
         <kind>archive</kind>
         <file>rts430x_lc_rd_eabi.lib</file>
         <name>int34.obj</name>
      </input_file>
      <input_file id="fl-54">
         <path>/home/lars/ti/ccsv6/tools/compiler/ti-cgt-msp430_4.4.5/lib/</path>
         <kind>archive</kind>
         <file>rts430x_lc_rd_eabi.lib</file>
         <name>int35.obj</name>
      </input_file>
      <input_file id="fl-55">
         <path>/home/lars/ti/ccsv6/tools/compiler/ti-cgt-msp430_4.4.5/lib/</path>
         <kind>archive</kind>
         <file>rts430x_lc_rd_eabi.lib</file>
         <name>int36.obj</name>
      </input_file>
      <input_file id="fl-56">
         <path>/home/lars/ti/ccsv6/tools/compiler/ti-cgt-msp430_4.4.5/lib/</path>
         <kind>archive</kind>
         <file>rts430x_lc_rd_eabi.lib</file>
         <name>int52.obj</name>
      </input_file>
      <input_file id="fl-57">
         <path>/home/lars/ti/ccsv6/tools/compiler/ti-cgt-msp430_4.4.5/lib/</path>
         <kind>archive</kind>
         <file>rts430x_lc_rd_eabi.lib</file>
         <name>copy_zero_init.obj</name>
      </input_file>
      <input_file id="fl-58">
         <path>/home/lars/ti/ccsv6/tools/compiler/ti-cgt-msp430_4.4.5/lib/</path>
         <kind>archive</kind>
         <file>rts430x_lc_rd_eabi.lib</file>
         <name>div32u.obj</name>
      </input_file>
      <input_file id="fl-59">
         <path>/home/lars/ti/ccsv6/tools/compiler/ti-cgt-msp430_4.4.5/lib/</path>
         <kind>archive</kind>
         <file>rts430x_lc_rd_eabi.lib</file>
         <name>mult16.obj</name>
      </input_file>
      <input_file id="fl-5a">
         <path>/home/lars/ti/ccsv6/tools/compiler/ti-cgt-msp430_4.4.5/lib/</path>
         <kind>archive</kind>
         <file>rts430x_lc_rd_eabi.lib</file>
         <name>mult16_f5hw.obj</name>
      </input_file>
      <input_file id="fl-5b">
         <path>/home/lars/ti/ccsv6/tools/compiler/ti-cgt-msp430_4.4.5/lib/</path>
         <kind>archive</kind>
         <file>rts430x_lc_rd_eabi.lib</file>
         <name>mult32.obj</name>
      </input_file>
      <input_file id="fl-5c">
         <path>/home/lars/ti/ccsv6/tools/compiler/ti-cgt-msp430_4.4.5/lib/</path>
         <kind>archive</kind>
         <file>rts430x_lc_rd_eabi.lib</file>
         <name>mult32_f5hw.obj</name>
      </input_file>
      <input_file id="fl-5d">
         <path>/home/lars/ti/ccsv6/tools/compiler/ti-cgt-msp430_4.4.5/lib/</path>
         <kind>archive</kind>
         <file>rts430x_lc_rd_eabi.lib</file>
         <name>mult64_f5hw.obj</name>
      </input_file>
      <input_file id="fl-5e">
         <path>/home/lars/ti/ccsv6/tools/compiler/ti-cgt-msp430_4.4.5/lib/</path>
         <kind>archive</kind>
         <file>rts430x_lc_rd_eabi.lib</file>
         <name>mult1632_f5hw.obj</name>
      </input_file>
      <input_file id="fl-5f">
         <path>/home/lars/ti/ccsv6/tools/compiler/ti-cgt-msp430_4.4.5/lib/</path>
         <kind>archive</kind>
         <file>rts430x_lc_rd_eabi.lib</file>
         <name>mult3264_f5hw.obj</name>
      </input_file>
      <input_file id="fl-60">
         <path>/home/lars/ti/ccsv6/tools/compiler/ti-cgt-msp430_4.4.5/lib/</path>
         <kind>archive</kind>
         <file>rts430x_lc_rd_eabi.lib</file>
         <name>lsl16.obj</name>
      </input_file>
      <input_file id="fl-61">
         <path>/home/lars/ti/ccsv6/tools/compiler/ti-cgt-msp430_4.4.5/lib/</path>
         <kind>archive</kind>
         <file>rts430x_lc_rd_eabi.lib</file>
         <name>lsr32.obj</name>
      </input_file>
      <input_file id="fl-62">
         <path>/home/lars/ti/ccsv6/tools/compiler/ti-cgt-msp430_4.4.5/lib/</path>
         <kind>archive</kind>
         <file>rts430x_lc_rd_eabi.lib</file>
         <name>boot.obj</name>
      </input_file>
      <input_file id="fl-63">
         <path>/home/lars/ti/ccsv6/tools/compiler/ti-cgt-msp430_4.4.5/lib/</path>
         <kind>archive</kind>
         <file>rts430x_lc_rd_eabi.lib</file>
         <name>args_main.obj</name>
      </input_file>
      <input_file id="fl-64">
         <path>/home/lars/ti/ccsv6/tools/compiler/ti-cgt-msp430_4.4.5/lib/</path>
         <kind>archive</kind>
         <file>rts430x_lc_rd_eabi.lib</file>
         <name>autoinit_wdt.obj</name>
      </input_file>
      <input_file id="fl-65">
         <path>/home/lars/ti/ccsv6/tools/compiler/ti-cgt-msp430_4.4.5/lib/</path>
         <kind>archive</kind>
         <file>rts430x_lc_rd_eabi.lib</file>
         <name>boot_special.obj</name>
      </input_file>
      <input_file id="fl-66">
         <path>/home/lars/ti/ccsv6/ccs_base/msp430/lib/FR59xx/</path>
         <kind>archive</kind>
         <file>MSPMPU_INIT_LIB_CCS_msp430_large_code_restricted_data.lib</file>
         <name>mpu_init.o</name>
      </input_file>
      <input_file id="fl-67">
         <path>/home/lars/ti/ccsv6/tools/compiler/ti-cgt-msp430_4.4.5/lib/</path>
         <kind>archive</kind>
         <file>rts430x_lc_rd_eabi.lib</file>
         <name>pre_init.obj</name>
      </input_file>
      <input_file id="fl-68">
         <path>/home/lars/ti/ccsv6/tools/compiler/ti-cgt-msp430_4.4.5/lib/</path>
         <kind>archive</kind>
         <file>rts430x_lc_rd_eabi.lib</file>
         <name>exit.obj</name>
      </input_file>
      <input_file id="fl-69">
         <path>/home/lars/ti/ccsv6/tools/compiler/ti-cgt-msp430_4.4.5/lib/</path>
         <kind>archive</kind>
         <file>rts430x_lc_rd_eabi.lib</file>
         <name>exit_gvars.obj</name>
      </input_file>
      <input_file id="fl-6a">
         <path>/home/lars/ti/ccsv6/tools/compiler/ti-cgt-msp430_4.4.5/lib/</path>
         <kind>archive</kind>
         <file>rts430x_lc_rd_eabi.lib</file>
         <name>_lock.obj</name>
      </input_file>
      <input_file id="fl-6b">
         <path>/home/lars/ti/ccsv6/tools/compiler/ti-cgt-msp430_4.4.5/lib/</path>
         <kind>archive</kind>
         <file>rts430x_lc_rd_eabi.lib</file>
         <name>memcpy.obj</name>
      </input_file>
      <input_file id="fl-6c">
         <path>/home/lars/ti/ccsv6/tools/compiler/ti-cgt-msp430_4.4.5/lib/</path>
         <kind>archive</kind>
         <file>rts430x_lc_rd_eabi.lib</file>
         <name>memset.obj</name>
      </input_file>
      <input_file id="fl-6d">
         <path>/home/lars/ti/ccsv6/tools/compiler/ti-cgt-msp430_4.4.5/lib/</path>
         <kind>archive</kind>
         <file>rts430x_lc_rd_eabi.lib</file>
         <name>strlen.obj</name>
      </input_file>
   </input_file_list>
   <object_component_list>
      <object_component id="oc-582">
         <name>.cinit..data.load</name>
         <load_address>0x49fe</load_address>
         <run_address>0x49fe</run_address>
         <size>0xd</size>
      </object_component>
      <object_component id="oc-57f">
         <name>__TI_handler_table</name>
         <load_address>0x4a0c</load_address>
         <run_address>0x4a0c</run_address>
         <size>0xc</size>
      </object_component>
      <object_component id="oc-581">
         <name>.cinit..bss.load</name>
         <load_address>0x4a18</load_address>
         <run_address>0x4a18</run_address>
         <size>0x6</size>
      </object_component>
      <object_component id="oc-580">
         <name>__TI_cinit_table</name>
         <load_address>0x4a1e</load_address>
         <run_address>0x4a1e</run_address>
         <size>0x10</size>
      </object_component>
      <object_component id="oc-236">
         <name>.const:.string</name>
         <load_address>0x44b6</load_address>
         <run_address>0x44b6</run_address>
         <size>0x2da</size>
         <input_file_ref idref="fl-5"/>
      </object_component>
      <object_component id="oc-321">
         <name>.const</name>
         <load_address>0x4790</load_address>
         <run_address>0x4790</run_address>
         <size>0xec</size>
         <input_file_ref idref="fl-10"/>
      </object_component>
      <object_component id="oc-25f">
         <name>.const</name>
         <load_address>0x487c</load_address>
         <run_address>0x487c</run_address>
         <size>0x48</size>
         <input_file_ref idref="fl-5"/>
      </object_component>
      <object_component id="oc-3e3">
         <name>.const:numberTable</name>
         <load_address>0x48c4</load_address>
         <run_address>0x48c4</run_address>
         <size>0x46</size>
         <input_file_ref idref="fl-4"/>
      </object_component>
      <object_component id="oc-486">
         <name>.const:OpcodeTranslateTable</name>
         <load_address>0x490a</load_address>
         <run_address>0x490a</run_address>
         <size>0x3c</size>
         <input_file_ref idref="fl-8"/>
      </object_component>
      <object_component id="oc-49d">
         <name>.const:_SlActionLookupTable</name>
         <load_address>0x4946</load_address>
         <run_address>0x4946</run_address>
         <size>0x38</size>
         <input_file_ref idref="fl-8"/>
      </object_component>
      <object_component id="oc-426">
         <name>.const</name>
         <load_address>0x497e</load_address>
         <run_address>0x497e</run_address>
         <size>0x28</size>
         <input_file_ref idref="fl-b"/>
      </object_component>
      <object_component id="oc-48c">
         <name>.const:RxMsgClassLUT</name>
         <load_address>0x49a6</load_address>
         <run_address>0x49a6</run_address>
         <size>0x20</size>
         <input_file_ref idref="fl-8"/>
      </object_component>
      <object_component id="oc-331">
         <name>.const</name>
         <load_address>0x49c6</load_address>
         <run_address>0x49c6</run_address>
         <size>0x14</size>
         <input_file_ref idref="fl-7"/>
      </object_component>
      <object_component id="oc-41e">
         <name>.const</name>
         <load_address>0x49da</load_address>
         <run_address>0x49da</run_address>
         <size>0x14</size>
         <input_file_ref idref="fl-8"/>
      </object_component>
      <object_component id="oc-3db">
         <name>.const:.string:StartResponseLUT</name>
         <load_address>0x49ee</load_address>
         <run_address>0x49ee</run_address>
         <size>0x8</size>
         <input_file_ref idref="fl-7"/>
      </object_component>
      <object_component id="oc-35b">
         <name>.const</name>
         <load_address>0x49f6</load_address>
         <run_address>0x49f6</run_address>
         <size>0x8</size>
         <input_file_ref idref="fl-c"/>
      </object_component>
      <object_component id="oc-10d">
         <name>.text:_isr:UART_ISR</name>
         <load_address>0x4400</load_address>
         <run_address>0x4400</run_address>
         <size>0x3a</size>
         <input_file_ref idref="fl-11"/>
      </object_component>
      <object_component id="oc-fb">
         <name>.text:_isr:RTC_ISR</name>
         <load_address>0x443a</load_address>
         <run_address>0x443a</run_address>
         <size>0x38</size>
         <input_file_ref idref="fl-5"/>
      </object_component>
      <object_component id="oc-ba">
         <name>.text:_isr:_c_int00_noargs_noexit_mpu</name>
         <load_address>0x4472</load_address>
         <run_address>0x4472</run_address>
         <size>0x1e</size>
         <input_file_ref idref="fl-65"/>
      </object_component>
      <object_component id="oc-107">
         <name>.text:_isr:Port1_ISR</name>
         <load_address>0x4490</load_address>
         <run_address>0x4490</run_address>
         <size>0x1c</size>
         <input_file_ref idref="fl-12"/>
      </object_component>
      <object_component id="oc-f6">
         <name>.text:_isr:__TI_ISR_TRAP</name>
         <load_address>0x44ac</load_address>
         <run_address>0x44ac</run_address>
         <size>0x6</size>
         <input_file_ref idref="fl-50"/>
      </object_component>
      <object_component id="oc-101">
         <name>.text:_isr:Trap_ISR</name>
         <load_address>0x44b2</load_address>
         <run_address>0x44b2</run_address>
         <size>0x4</size>
         <input_file_ref idref="fl-12"/>
      </object_component>
      <object_component id="oc-441">
         <name>.text:_SlDrvMsgRead</name>
         <load_address>0x10000</load_address>
         <run_address>0x10000</run_address>
         <size>0x458</size>
         <input_file_ref idref="fl-8"/>
      </object_component>
      <object_component id="oc-2ea">
         <name>.text:_SlDrvReleasePoolObj</name>
         <load_address>0x10458</load_address>
         <run_address>0x10458</run_address>
         <size>0x20e</size>
         <input_file_ref idref="fl-8"/>
      </object_component>
      <object_component id="oc-2fd">
         <name>.text:sl_WlanConnect</name>
         <load_address>0x10666</load_address>
         <run_address>0x10666</run_address>
         <size>0x20a</size>
         <input_file_ref idref="fl-10"/>
      </object_component>
      <object_component id="oc-467">
         <name>.text:_SlDrvRxHdrRead</name>
         <load_address>0x10870</load_address>
         <run_address>0x10870</run_address>
         <size>0x1ce</size>
         <input_file_ref idref="fl-8"/>
      </object_component>
      <object_component id="oc-39c">
         <name>.text:_SlDrvWaitForPoolObj</name>
         <load_address>0x10a3e</load_address>
         <run_address>0x10a3e</run_address>
         <size>0x18e</size>
         <input_file_ref idref="fl-8"/>
      </object_component>
      <object_component id="oc-2b2">
         <name>.text:_SlDrvDriverCBInit</name>
         <load_address>0x10bcc</load_address>
         <run_address>0x10bcc</run_address>
         <size>0x182</size>
         <input_file_ref idref="fl-8"/>
      </object_component>
      <object_component id="oc-230">
         <name>.text:configureSimpleLinkToDefaultState</name>
         <load_address>0x10d4e</load_address>
         <run_address>0x10d4e</run_address>
         <size>0x17e</size>
         <input_file_ref idref="fl-5"/>
      </object_component>
      <object_component id="oc-479">
         <name>.text:_SlFindAndSetActiveObj</name>
         <load_address>0x10ecc</load_address>
         <run_address>0x10ecc</run_address>
         <size>0x150</size>
         <input_file_ref idref="fl-8"/>
      </object_component>
      <object_component id="oc-3fe">
         <name>.text:_SlDrvMsgWrite</name>
         <load_address>0x1101c</load_address>
         <run_address>0x1101c</run_address>
         <size>0x146</size>
         <input_file_ref idref="fl-8"/>
      </object_component>
      <object_component id="oc-495">
         <name>.text:_SlDrvNetAppEventHandler</name>
         <load_address>0x11162</load_address>
         <run_address>0x11162</run_address>
         <size>0xec</size>
         <input_file_ref idref="fl-b"/>
      </object_component>
      <object_component id="oc-33a">
         <name>.text:_SlDrvDriverCBDeinit</name>
         <load_address>0x1124e</load_address>
         <run_address>0x1124e</run_address>
         <size>0xd2</size>
         <input_file_ref idref="fl-8"/>
      </object_component>
      <object_component id="oc-366">
         <name>.text:sl_NetAppMDNSRegisterUnregisterService</name>
         <load_address>0x11320</load_address>
         <run_address>0x11320</run_address>
         <size>0xc4</size>
         <input_file_ref idref="fl-b"/>
      </object_component>
      <object_component id="oc-30b">
         <name>.text:storeNumberInClockBuffer</name>
         <load_address>0x113e4</load_address>
         <run_address>0x113e4</run_address>
         <size>0xc4</size>
         <input_file_ref idref="fl-4"/>
      </object_component>
      <object_component id="oc-3c9">
         <name>.text:_SlRemoveFromList</name>
         <load_address>0x114a8</load_address>
         <run_address>0x114a8</run_address>
         <size>0xbc</size>
         <input_file_ref idref="fl-8"/>
      </object_component>
      <object_component id="oc-4c5">
         <name>.text:_sl_HandleAsync_DnsGetHostByService</name>
         <load_address>0x11564</load_address>
         <run_address>0x11564</run_address>
         <size>0xb4</size>
         <input_file_ref idref="fl-b"/>
      </object_component>
      <object_component id="oc-26e">
         <name>.text:sl_Stop</name>
         <load_address>0x11618</load_address>
         <run_address>0x11618</run_address>
         <size>0xb0</size>
         <input_file_ref idref="fl-7"/>
      </object_component>
      <object_component id="oc-23d">
         <name>.text:sl_Start</name>
         <load_address>0x116c8</load_address>
         <run_address>0x116c8</run_address>
         <size>0xae</size>
         <input_file_ref idref="fl-7"/>
      </object_component>
      <object_component id="oc-4cb">
         <name>.text:_sl_HandleAsync_DnsGetHostByName</name>
         <load_address>0x11776</load_address>
         <run_address>0x11776</run_address>
         <size>0xa8</size>
         <input_file_ref idref="fl-b"/>
      </object_component>
      <object_component id="oc-48f">
         <name>.text:_sl_HandleAsync_PingResponse</name>
         <load_address>0x1181e</load_address>
         <run_address>0x1181e</run_address>
         <size>0x9e</size>
         <input_file_ref idref="fl-b"/>
      </object_component>
      <object_component id="oc-404">
         <name>.text:_SlDrvMsgReadCmdCtx</name>
         <load_address>0x118bc</load_address>
         <run_address>0x118bc</run_address>
         <size>0x9c</size>
         <input_file_ref idref="fl-8"/>
      </object_component>
      <object_component id="oc-324">
         <name>.text:_SlDrvCmdOp</name>
         <load_address>0x11958</load_address>
         <run_address>0x11958</run_address>
         <size>0x9a</size>
         <input_file_ref idref="fl-8"/>
      </object_component>
      <object_component id="oc-304">
         <name>.text:fill</name>
         <load_address>0x119f2</load_address>
         <run_address>0x119f2</run_address>
         <size>0x98</size>
         <input_file_ref idref="fl-4"/>
      </object_component>
      <object_component id="oc-274">
         <name>.text:sl_DevGet</name>
         <load_address>0x11a8a</load_address>
         <run_address>0x11a8a</run_address>
         <size>0x96</size>
         <input_file_ref idref="fl-7"/>
      </object_component>
      <object_component id="oc-4fe">
         <name>.text:_sl_HandleAsync_InitComplete</name>
         <load_address>0x11b20</load_address>
         <run_address>0x11b20</run_address>
         <size>0x92</size>
         <input_file_ref idref="fl-7"/>
      </object_component>
      <object_component id="oc-4e4">
         <name>.text:_sl_HandleAsync_Connect</name>
         <load_address>0x11bb2</load_address>
         <run_address>0x11bb2</run_address>
         <size>0x8e</size>
         <input_file_ref idref="fl-e"/>
      </object_component>
      <object_component id="oc-2b8">
         <name>.text:spi_Open</name>
         <load_address>0x11c40</load_address>
         <run_address>0x11c40</run_address>
         <size>0x8e</size>
         <input_file_ref idref="fl-6"/>
      </object_component>
      <object_component id="oc-3b6">
         <name>.text:_SlDrvMsgReadSpawnCtx</name>
         <load_address>0x11cce</load_address>
         <run_address>0x11cce</run_address>
         <size>0x7c</size>
         <input_file_ref idref="fl-8"/>
      </object_component>
      <object_component id="oc-243">
         <name>.text:establishConnectionWithAP</name>
         <load_address>0x11d4a</load_address>
         <run_address>0x11d4a</run_address>
         <size>0x78</size>
         <input_file_ref idref="fl-5"/>
      </object_component>
      <object_component id="oc-251">
         <name>.text:storeBCDInClockBuffer</name>
         <load_address>0x11dc2</load_address>
         <run_address>0x11dc2</run_address>
         <size>0x78</size>
         <input_file_ref idref="fl-4"/>
      </object_component>
      <object_component id="oc-46d">
         <name>.text:_SlDrvClassifyRxMsg</name>
         <load_address>0x11e3a</load_address>
         <run_address>0x11e3a</run_address>
         <size>0x76</size>
         <input_file_ref idref="fl-8"/>
      </object_component>
      <object_component id="oc-4a4">
         <name>.text:_SlDrvDeviceEventHandler</name>
         <load_address>0x11eb0</load_address>
         <run_address>0x11eb0</run_address>
         <size>0x72</size>
         <input_file_ref idref="fl-7"/>
      </object_component>
      <object_component id="oc-1c2">
         <name>.text:storeTimeInClockBuffer</name>
         <load_address>0x11f22</load_address>
         <run_address>0x11f22</run_address>
         <size>0x72</size>
         <input_file_ref idref="fl-5"/>
      </object_component>
      <object_component id="oc-447">
         <name>.text:_SlAsyncEventGenericHandler</name>
         <load_address>0x11f94</load_address>
         <run_address>0x11f94</run_address>
         <size>0x70</size>
         <input_file_ref idref="fl-8"/>
      </object_component>
      <object_component id="oc-4de">
         <name>.text:_sl_HandleAsync_Accept</name>
         <load_address>0x12004</load_address>
         <run_address>0x12004</run_address>
         <size>0x70</size>
         <input_file_ref idref="fl-e"/>
      </object_component>
      <object_component id="oc-13a">
         <name>.text:main</name>
         <load_address>0x12074</load_address>
         <run_address>0x12074</run_address>
         <size>0x70</size>
         <input_file_ref idref="fl-5"/>
      </object_component>
      <object_component id="oc-120">
         <name>.text:_auto_init_hold_wdt</name>
         <load_address>0x120e4</load_address>
         <run_address>0x120e4</run_address>
         <size>0x6c</size>
         <input_file_ref idref="fl-64"/>
      </object_component>
      <object_component id="oc-1a4">
         <name>.text:init_RTC</name>
         <load_address>0x12150</load_address>
         <run_address>0x12150</run_address>
         <size>0x6a</size>
         <input_file_ref idref="fl-3"/>
      </object_component>
      <object_component id="oc-e9">
         <name>.text:__TI_decompress_rle_core</name>
         <load_address>0x121ba</load_address>
         <run_address>0x121ba</run_address>
         <size>0x68</size>
         <input_file_ref idref="fl-4e"/>
      </object_component>
      <object_component id="oc-28c">
         <name>.text:sl_NetCfgSet</name>
         <load_address>0x12222</load_address>
         <run_address>0x12222</run_address>
         <size>0x66</size>
         <input_file_ref idref="fl-c"/>
      </object_component>
      <object_component id="oc-50c">
         <name>.text:_SlDrvCmdSend</name>
         <load_address>0x12288</load_address>
         <run_address>0x12288</run_address>
         <size>0x62</size>
         <input_file_ref idref="fl-8"/>
      </object_component>
      <object_component id="oc-1b6">
         <name>.text:startUpSimpleLinkDevice</name>
         <load_address>0x122ea</load_address>
         <run_address>0x122ea</run_address>
         <size>0x62</size>
         <input_file_ref idref="fl-5"/>
      </object_component>
      <object_component id="oc-4aa">
         <name>.text:SimpleLinkWlanEventHandler</name>
         <load_address>0x1234c</load_address>
         <run_address>0x1234c</run_address>
         <size>0x5e</size>
         <input_file_ref idref="fl-5"/>
      </object_component>
      <object_component id="oc-4d7">
         <name>.text:_sl_NetAppSendTokenValue</name>
         <load_address>0x123aa</load_address>
         <run_address>0x123aa</run_address>
         <size>0x5e</size>
         <input_file_ref idref="fl-b"/>
      </object_component>
      <object_component id="oc-4ea">
         <name>.text:_sl_HandleAsync_Select</name>
         <load_address>0x12408</load_address>
         <run_address>0x12408</run_address>
         <size>0x5c</size>
         <input_file_ref idref="fl-e"/>
      </object_component>
      <object_component id="oc-4f0">
         <name>.text:_sl_HandleAsync_Stop</name>
         <load_address>0x12464</load_address>
         <run_address>0x12464</run_address>
         <size>0x5c</size>
         <input_file_ref idref="fl-7"/>
      </object_component>
      <object_component id="oc-19e">
         <name>.text:init_ClockSPI</name>
         <load_address>0x124c0</load_address>
         <run_address>0x124c0</run_address>
         <size>0x5a</size>
         <input_file_ref idref="fl-2"/>
      </object_component>
      <object_component id="oc-292">
         <name>.text:sl_WlanSet</name>
         <load_address>0x1251a</load_address>
         <run_address>0x1251a</run_address>
         <size>0x58</size>
         <input_file_ref idref="fl-10"/>
      </object_component>
      <object_component id="oc-27a">
         <name>.text:sl_WlanPolicySet</name>
         <load_address>0x12572</load_address>
         <run_address>0x12572</run_address>
         <size>0x50</size>
         <input_file_ref idref="fl-10"/>
      </object_component>
      <object_component id="oc-2a4">
         <name>.text:sl_WlanRxFilterSet</name>
         <load_address>0x125c2</load_address>
         <run_address>0x125c2</run_address>
         <size>0x48</size>
         <input_file_ref idref="fl-10"/>
      </object_component>
      <object_component id="oc-262">
         <name>.text:_SlNonOsMainLoopTask</name>
         <load_address>0x1260a</load_address>
         <run_address>0x1260a</run_address>
         <size>0x46</size>
         <input_file_ref idref="fl-d"/>
      </object_component>
      <object_component id="oc-4b0">
         <name>.text:SimpleLinkSockEventHandler</name>
         <load_address>0x12650</load_address>
         <run_address>0x12650</run_address>
         <size>0x40</size>
         <input_file_ref idref="fl-5"/>
      </object_component>
      <object_component id="oc-354">
         <name>.text:_SlDrvBasicCmd</name>
         <load_address>0x12690</load_address>
         <run_address>0x12690</run_address>
         <size>0x3e</size>
         <input_file_ref idref="fl-8"/>
      </object_component>
      <object_component id="oc-1bc">
         <name>.text:toggleDoublePoints</name>
         <load_address>0x126ce</load_address>
         <run_address>0x126ce</run_address>
         <size>0x3e</size>
         <input_file_ref idref="fl-5"/>
      </object_component>
      <object_component id="oc-2c1">
         <name>.text:_SlDrvProtectAsyncRespSetting</name>
         <load_address>0x1270c</load_address>
         <run_address>0x1270c</run_address>
         <size>0x3a</size>
         <input_file_ref idref="fl-8"/>
      </object_component>
      <object_component id="oc-2cd">
         <name>.text:_SlDrvRxIrqHandler</name>
         <load_address>0x12746</load_address>
         <run_address>0x12746</run_address>
         <size>0x3a</size>
         <input_file_ref idref="fl-8"/>
      </object_component>
      <object_component id="oc-1b0">
         <name>.text:send_ClockSPI</name>
         <load_address>0x12780</load_address>
         <run_address>0x12780</run_address>
         <size>0x3a</size>
         <input_file_ref idref="fl-2"/>
      </object_component>
      <object_component id="oc-473">
         <name>.text:spi_Read</name>
         <load_address>0x127ba</load_address>
         <run_address>0x127ba</run_address>
         <size>0x3a</size>
         <input_file_ref idref="fl-6"/>
      </object_component>
      <object_component id="oc-4be">
         <name>.text:CopyPingResultsToReport</name>
         <load_address>0x127f4</load_address>
         <run_address>0x127f4</run_address>
         <size>0x38</size>
         <input_file_ref idref="fl-b"/>
      </object_component>
      <object_component id="oc-380">
         <name>.text:_SlNonOsSemGet</name>
         <load_address>0x1282c</load_address>
         <run_address>0x1282c</run_address>
         <size>0x34</size>
         <input_file_ref idref="fl-d"/>
      </object_component>
      <object_component id="oc-3bc">
         <name>.text:_SlNonOsSpawn</name>
         <load_address>0x12860</load_address>
         <run_address>0x12860</run_address>
         <size>0x32</size>
         <input_file_ref idref="fl-d"/>
      </object_component>
      <object_component id="oc-237">
         <name>.text:CLI_Write</name>
         <load_address>0x12892</load_address>
         <run_address>0x12892</run_address>
         <size>0x30</size>
         <input_file_ref idref="fl-11"/>
      </object_component>
      <object_component id="oc-459">
         <name>.text:spi_Write</name>
         <load_address>0x128c2</load_address>
         <run_address>0x128c2</run_address>
         <size>0x2e</size>
         <input_file_ref idref="fl-6"/>
      </object_component>
      <object_component id="oc-4b6">
         <name>.text:SimpleLinkNetAppEventHandler</name>
         <load_address>0x128f0</load_address>
         <run_address>0x128f0</run_address>
         <size>0x2a</size>
         <input_file_ref idref="fl-5"/>
      </object_component>
      <object_component id="oc-133">
         <name>.text:__mpu_init</name>
         <load_address>0x1291a</load_address>
         <run_address>0x1291a</run_address>
         <size>0x28</size>
         <input_file_ref idref="fl-66"/>
      </object_component>
      <object_component id="oc-96">
         <name>.text:decompress:ZI:__TI_zero_init</name>
         <load_address>0x12942</load_address>
         <run_address>0x12942</run_address>
         <size>0x24</size>
         <input_file_ref idref="fl-57"/>
      </object_component>
      <object_component id="oc-298">
         <name>.text:sl_NetAppMDNSUnRegisterService</name>
         <load_address>0x12966</load_address>
         <run_address>0x12966</run_address>
         <size>0x24</size>
         <input_file_ref idref="fl-b"/>
      </object_component>
      <object_component id="oc-280">
         <name>.text:sl_WlanProfileDel</name>
         <load_address>0x1298a</load_address>
         <run_address>0x1298a</run_address>
         <size>0x24</size>
         <input_file_ref idref="fl-10"/>
      </object_component>
      <object_component id="oc-268">
         <name>.text:sl_WlanSetMode</name>
         <load_address>0x129ae</load_address>
         <run_address>0x129ae</run_address>
         <size>0x24</size>
         <input_file_ref idref="fl-10"/>
      </object_component>
      <object_component id="oc-387">
         <name>.text:Delay</name>
         <load_address>0x129d2</load_address>
         <run_address>0x129d2</run_address>
         <size>0x20</size>
         <input_file_ref idref="fl-12"/>
      </object_component>
      <object_component id="oc-3a2">
         <name>.text:_SlDrvProtectionObjLockWaitForever</name>
         <load_address>0x129f2</load_address>
         <run_address>0x129f2</run_address>
         <size>0x20</size>
         <input_file_ref idref="fl-8"/>
      </object_component>
      <object_component id="oc-24a">
         <name>.text:setDoublePoints</name>
         <load_address>0x12a12</load_address>
         <run_address>0x12a12</run_address>
         <size>0x1e</size>
         <input_file_ref idref="fl-4"/>
      </object_component>
      <object_component id="oc-198">
         <name>.text:init_Clock</name>
         <load_address>0x12a30</load_address>
         <run_address>0x12a30</run_address>
         <size>0x1c</size>
         <input_file_ref idref="fl-5"/>
      </object_component>
      <object_component id="oc-3a8">
         <name>.text:_SlDrvProtectionObjUnLock</name>
         <load_address>0x12a4c</load_address>
         <run_address>0x12a4c</run_address>
         <size>0x1a</size>
         <input_file_ref idref="fl-8"/>
      </object_component>
      <object_component id="oc-3f8">
         <name>.text:_SlDrvObjLockWaitForever</name>
         <load_address>0x12a66</load_address>
         <run_address>0x12a66</run_address>
         <size>0x16</size>
         <input_file_ref idref="fl-8"/>
      </object_component>
      <object_component id="oc-2e4">
         <name>.text:_SlDrvSyncObjWaitForever</name>
         <load_address>0x12a7c</load_address>
         <run_address>0x12a7c</run_address>
         <size>0x16</size>
         <input_file_ref idref="fl-8"/>
      </object_component>
      <object_component id="oc-1aa">
         <name>.text:clearClockBuffer</name>
         <load_address>0x12a92</load_address>
         <run_address>0x12a92</run_address>
         <size>0x16</size>
         <input_file_ref idref="fl-4"/>
      </object_component>
      <object_component id="oc-311">
         <name>.text:clearSingleSegment</name>
         <load_address>0x12aa8</load_address>
         <run_address>0x12aa8</run_address>
         <size>0x16</size>
         <input_file_ref idref="fl-4"/>
      </object_component>
      <object_component id="oc-29e">
         <name>.text:memset</name>
         <load_address>0x12abe</load_address>
         <run_address>0x12abe</run_address>
         <size>0x16</size>
         <input_file_ref idref="fl-6c"/>
      </object_component>
      <object_component id="oc-2df">
         <name>.text</name>
         <load_address>0x12ad4</load_address>
         <run_address>0x12ad4</run_address>
         <size>0x16</size>
         <input_file_ref idref="fl-5a"/>
      </object_component>
      <object_component id="oc-dc">
         <name>.text:memcpy</name>
         <load_address>0x12aea</load_address>
         <run_address>0x12aea</run_address>
         <size>0x14</size>
         <input_file_ref idref="fl-6b"/>
      </object_component>
      <object_component id="oc-71">
         <name>.text:decompress:none:__TI_decompress_none</name>
         <load_address>0x12afe</load_address>
         <run_address>0x12afe</run_address>
         <size>0x12</size>
         <input_file_ref idref="fl-4d"/>
      </object_component>
      <object_component id="oc-40a">
         <name>.text:_SlDrvObjUnLock</name>
         <load_address>0x12b10</load_address>
         <run_address>0x12b10</run_address>
         <size>0x10</size>
         <input_file_ref idref="fl-8"/>
      </object_component>
      <object_component id="oc-3cf">
         <name>.text:_SlDrvSyncObjSignal</name>
         <load_address>0x12b20</load_address>
         <run_address>0x12b20</run_address>
         <size>0x10</size>
         <input_file_ref idref="fl-8"/>
      </object_component>
      <object_component id="oc-38d">
         <name>.text:CC3100_InterruptEnable</name>
         <load_address>0x12b30</load_address>
         <run_address>0x12b30</run_address>
         <size>0xe</size>
         <input_file_ref idref="fl-12"/>
      </object_component>
      <object_component id="oc-2f0">
         <name>.text:_sl_GetStartResponseConvert</name>
         <load_address>0x12b3e</load_address>
         <run_address>0x12b3e</run_address>
         <size>0xe</size>
         <input_file_ref idref="fl-7"/>
      </object_component>
      <object_component id="oc-2ab">
         <name>.text:strlen</name>
         <load_address>0x12b4c</load_address>
         <run_address>0x12b4c</run_address>
         <size>0xe</size>
         <input_file_ref idref="fl-6d"/>
      </object_component>
      <object_component id="oc-415">
         <name>.text:CC3100_InterruptDisable</name>
         <load_address>0x12b5a</load_address>
         <run_address>0x12b5a</run_address>
         <size>0xa</size>
         <input_file_ref idref="fl-12"/>
      </object_component>
      <object_component id="oc-4f8">
         <name>.text:SimpleLinkGeneralEventHandler</name>
         <load_address>0x12b64</load_address>
         <run_address>0x12b64</run_address>
         <size>0xa</size>
         <input_file_ref idref="fl-5"/>
      </object_component>
      <object_component id="oc-4d1">
         <name>.text:SimpleLinkHttpServerCallback</name>
         <load_address>0x12b6e</load_address>
         <run_address>0x12b6e</run_address>
         <size>0xa</size>
         <input_file_ref idref="fl-5"/>
      </object_component>
      <object_component id="oc-374">
         <name>.text:_SlDrvMemZero</name>
         <load_address>0x12b78</load_address>
         <run_address>0x12b78</run_address>
         <size>0xa</size>
         <input_file_ref idref="fl-8"/>
      </object_component>
      <object_component id="oc-346">
         <name>.text:_SlDrvResetCmdExt</name>
         <load_address>0x12b82</load_address>
         <run_address>0x12b82</run_address>
         <size>0xa</size>
         <input_file_ref idref="fl-8"/>
      </object_component>
      <object_component id="oc-3d5">
         <name>.text</name>
         <load_address>0x12b8c</load_address>
         <run_address>0x12b8c</run_address>
         <size>0xa</size>
         <input_file_ref idref="fl-60"/>
      </object_component>
      <object_component id="oc-286">
         <name>.text:sl_WlanDisconnect</name>
         <load_address>0x12b96</load_address>
         <run_address>0x12b96</run_address>
         <size>0xa</size>
         <input_file_ref idref="fl-10"/>
      </object_component>
      <object_component id="oc-37a">
         <name>.text:_SlNonOsSemSet</name>
         <load_address>0x12ba0</load_address>
         <run_address>0x12ba0</run_address>
         <size>0x8</size>
         <input_file_ref idref="fl-d"/>
      </object_component>
      <object_component id="oc-2d3">
         <name>.text:registerInterruptHandler</name>
         <load_address>0x12ba8</load_address>
         <run_address>0x12ba8</run_address>
         <size>0x8</size>
         <input_file_ref idref="fl-12"/>
      </object_component>
      <object_component id="oc-334">
         <name>.text:spi_Close</name>
         <load_address>0x12bb0</load_address>
         <run_address>0x12bb0</run_address>
         <size>0x8</size>
         <input_file_ref idref="fl-6"/>
      </object_component>
      <object_component id="oc-2c7">
         <name>.text:CC3100_disable</name>
         <load_address>0x12bb8</load_address>
         <run_address>0x12bb8</run_address>
         <size>0x6</size>
         <input_file_ref idref="fl-12"/>
      </object_component>
      <object_component id="oc-2d9">
         <name>.text:CC3100_enable</name>
         <load_address>0x12bbe</load_address>
         <run_address>0x12bbe</run_address>
         <size>0x6</size>
         <input_file_ref idref="fl-12"/>
      </object_component>
      <object_component id="oc-3b0">
         <name>.text:MaskIntHdlr</name>
         <load_address>0x12bc4</load_address>
         <run_address>0x12bc4</run_address>
         <size>0x6</size>
         <input_file_ref idref="fl-12"/>
      </object_component>
      <object_component id="oc-47f">
         <name>.text:UnMaskIntHdlr</name>
         <load_address>0x12bca</load_address>
         <run_address>0x12bca</run_address>
         <size>0x6</size>
         <input_file_ref idref="fl-12"/>
      </object_component>
      <object_component id="oc-77">
         <name>.text:decompress:rle24:__TI_decompress_rle24</name>
         <load_address>0x12bd0</load_address>
         <run_address>0x12bd0</run_address>
         <size>0x6</size>
         <input_file_ref idref="fl-4e"/>
      </object_component>
      <object_component id="oc-11a">
         <name>.text:_system_pre_init</name>
         <load_address>0x12bd6</load_address>
         <run_address>0x12bd6</run_address>
         <size>0x4</size>
         <input_file_ref idref="fl-67"/>
      </object_component>
      <object_component id="oc-142">
         <name>.text:abort</name>
         <load_address>0x12bda</load_address>
         <run_address>0x12bda</run_address>
         <size>0x4</size>
         <input_file_ref idref="fl-68"/>
      </object_component>
      <object_component id="oc-22b">
         <name>.common:clockBuffer</name>
         <uninitialized>true</uninitialized>
         <run_address>0x1d4a</run_address>
         <size>0xd8</size>
      </object_component>
      <object_component id="oc-167">
         <name>.common:aktInterrupt</name>
         <uninitialized>true</uninitialized>
         <run_address>0x1e4e</run_address>
         <size>0x2</size>
      </object_component>
      <object_component id="oc-192">
         <name>.common:red</name>
         <uninitialized>true</uninitialized>
         <run_address>0x1e54</run_address>
         <size>0x2</size>
      </object_component>
      <object_component id="oc-193">
         <name>.common:green</name>
         <uninitialized>true</uninitialized>
         <run_address>0x1e52</run_address>
         <size>0x2</size>
      </object_component>
      <object_component id="oc-194">
         <name>.common:blue</name>
         <uninitialized>true</uninitialized>
         <run_address>0x1e50</run_address>
         <size>0x2</size>
      </object_component>
      <object_component id="oc-373">
         <name>.common:g_StatMem</name>
         <uninitialized>true</uninitialized>
         <run_address>0x1c00</run_address>
         <size>0x14a</size>
      </object_component>
      <object_component id="oc-31d">
         <name>.common:RxIrqCnt</name>
         <uninitialized>true</uninitialized>
         <run_address>0x1e57</run_address>
         <size>0x1</size>
      </object_component>
      <object_component id="oc-31a">
         <name>.common:g__SlNonOsCB</name>
         <uninitialized>true</uninitialized>
         <run_address>0x1e22</run_address>
         <size>0x28</size>
      </object_component>
      <object_component id="oc-170">
         <name>.common:g_ucUARTBuffer</name>
         <uninitialized>true</uninitialized>
         <run_address>0x1e4a</run_address>
         <size>0x4</size>
      </object_component>
      <object_component id="oc-43f">
         <name>.common:IntIsMasked</name>
         <uninitialized>true</uninitialized>
         <run_address>0x1e56</run_address>
         <size>0x1</size>
      </object_component>
      <object_component id="oc-195">
         <name>.data</name>
         <load_address>0x1e62</load_address>
         <run_address>0x1e62</run_address>
         <size>0x6</size>
         <input_file_ref idref="fl-5"/>
      </object_component>
      <object_component id="oc-2be">
         <name>.data</name>
         <load_address>0x1e58</load_address>
         <run_address>0x1e58</run_address>
         <size>0x9</size>
         <input_file_ref idref="fl-8"/>
      </object_component>
      <object_component id="oc-173">
         <name>.data</name>
         <load_address>0x1e6c</load_address>
         <run_address>0x1e6c</run_address>
         <size>0x2</size>
         <input_file_ref idref="fl-11"/>
      </object_component>
      <object_component id="oc-16c">
         <name>.data</name>
         <load_address>0x1e68</load_address>
         <run_address>0x1e68</run_address>
         <size>0x4</size>
         <input_file_ref idref="fl-12"/>
      </object_component>
      <object_component id="oc-d8">
         <name>.stack</name>
         <uninitialized>true</uninitialized>
         <run_address>0x2360</run_address>
         <size>0x4</size>
         <input_file_ref idref="fl-62"/>
      </object_component>
      <object_component id="oc-583">
         <name>.stack</name>
         <uninitialized>true</uninitialized>
         <run_address>0x2360</run_address>
         <size>0x0</size>
      </object_component>
      <object_component id="oc-7d">
         <name>.int30</name>
         <load_address>0xffcc</load_address>
         <run_address>0xffcc</run_address>
         <size>0x2</size>
         <input_file_ref idref="fl-4f"/>
      </object_component>
      <object_component id="oc-7e">
         <name>.int31</name>
         <load_address>0xffce</load_address>
         <run_address>0xffce</run_address>
         <size>0x2</size>
         <input_file_ref idref="fl-5"/>
      </object_component>
      <object_component id="oc-7f">
         <name>.int32</name>
         <load_address>0xffd0</load_address>
         <run_address>0xffd0</run_address>
         <size>0x2</size>
         <input_file_ref idref="fl-51"/>
      </object_component>
      <object_component id="oc-80">
         <name>.int33</name>
         <load_address>0xffd2</load_address>
         <run_address>0xffd2</run_address>
         <size>0x2</size>
         <input_file_ref idref="fl-52"/>
      </object_component>
      <object_component id="oc-81">
         <name>.int34</name>
         <load_address>0xffd4</load_address>
         <run_address>0xffd4</run_address>
         <size>0x2</size>
         <input_file_ref idref="fl-53"/>
      </object_component>
      <object_component id="oc-82">
         <name>.int35</name>
         <load_address>0xffd6</load_address>
         <run_address>0xffd6</run_address>
         <size>0x2</size>
         <input_file_ref idref="fl-54"/>
      </object_component>
      <object_component id="oc-83">
         <name>.int36</name>
         <load_address>0xffd8</load_address>
         <run_address>0xffd8</run_address>
         <size>0x2</size>
         <input_file_ref idref="fl-55"/>
      </object_component>
      <object_component id="oc-84">
         <name>.int37</name>
         <load_address>0xffda</load_address>
         <run_address>0xffda</run_address>
         <size>0x2</size>
         <input_file_ref idref="fl-12"/>
      </object_component>
      <object_component id="oc-85">
         <name>.int38</name>
         <load_address>0xffdc</load_address>
         <run_address>0xffdc</run_address>
         <size>0x2</size>
         <input_file_ref idref="fl-12"/>
      </object_component>
      <object_component id="oc-86">
         <name>.int39</name>
         <load_address>0xffde</load_address>
         <run_address>0xffde</run_address>
         <size>0x2</size>
         <input_file_ref idref="fl-12"/>
      </object_component>
      <object_component id="oc-87">
         <name>.int40</name>
         <load_address>0xffe0</load_address>
         <run_address>0xffe0</run_address>
         <size>0x2</size>
         <input_file_ref idref="fl-12"/>
      </object_component>
      <object_component id="oc-88">
         <name>.int41</name>
         <load_address>0xffe2</load_address>
         <run_address>0xffe2</run_address>
         <size>0x2</size>
         <input_file_ref idref="fl-12"/>
      </object_component>
      <object_component id="oc-89">
         <name>.int42</name>
         <load_address>0xffe4</load_address>
         <run_address>0xffe4</run_address>
         <size>0x2</size>
         <input_file_ref idref="fl-12"/>
      </object_component>
      <object_component id="oc-8a">
         <name>.int43</name>
         <load_address>0xffe6</load_address>
         <run_address>0xffe6</run_address>
         <size>0x2</size>
         <input_file_ref idref="fl-12"/>
      </object_component>
      <object_component id="oc-8b">
         <name>.int44</name>
         <load_address>0xffe8</load_address>
         <run_address>0xffe8</run_address>
         <size>0x2</size>
         <input_file_ref idref="fl-12"/>
      </object_component>
      <object_component id="oc-8c">
         <name>.int45</name>
         <load_address>0xffea</load_address>
         <run_address>0xffea</run_address>
         <size>0x2</size>
         <input_file_ref idref="fl-12"/>
      </object_component>
      <object_component id="oc-8d">
         <name>.int46</name>
         <load_address>0xffec</load_address>
         <run_address>0xffec</run_address>
         <size>0x2</size>
         <input_file_ref idref="fl-12"/>
      </object_component>
      <object_component id="oc-8e">
         <name>.int47</name>
         <load_address>0xffee</load_address>
         <run_address>0xffee</run_address>
         <size>0x2</size>
         <input_file_ref idref="fl-12"/>
      </object_component>
      <object_component id="oc-8f">
         <name>.int48</name>
         <load_address>0xfff0</load_address>
         <run_address>0xfff0</run_address>
         <size>0x2</size>
         <input_file_ref idref="fl-11"/>
      </object_component>
      <object_component id="oc-90">
         <name>.int49</name>
         <load_address>0xfff2</load_address>
         <run_address>0xfff2</run_address>
         <size>0x2</size>
         <input_file_ref idref="fl-12"/>
      </object_component>
      <object_component id="oc-91">
         <name>.int50</name>
         <load_address>0xfff4</load_address>
         <run_address>0xfff4</run_address>
         <size>0x2</size>
         <input_file_ref idref="fl-12"/>
      </object_component>
      <object_component id="oc-92">
         <name>.int51</name>
         <load_address>0xfff6</load_address>
         <run_address>0xfff6</run_address>
         <size>0x2</size>
         <input_file_ref idref="fl-12"/>
      </object_component>
      <object_component id="oc-93">
         <name>.int52</name>
         <load_address>0xfff8</load_address>
         <run_address>0xfff8</run_address>
         <size>0x2</size>
         <input_file_ref idref="fl-56"/>
      </object_component>
      <object_component id="oc-94">
         <name>.int53</name>
         <load_address>0xfffa</load_address>
         <run_address>0xfffa</run_address>
         <size>0x2</size>
         <input_file_ref idref="fl-12"/>
      </object_component>
      <object_component id="oc-95">
         <name>.int54</name>
         <load_address>0xfffc</load_address>
         <run_address>0xfffc</run_address>
         <size>0x2</size>
         <input_file_ref idref="fl-12"/>
      </object_component>
      <object_component id="oc-db">
         <name>.reset</name>
         <load_address>0xfffe</load_address>
         <run_address>0xfffe</run_address>
         <size>0x2</size>
         <input_file_ref idref="fl-62"/>
      </object_component>
      <object_component id="oc-19f">
         <name>.debug_info</name>
         <load_address>0x0</load_address>
         <run_address>0x0</run_address>
         <size>0x10f</size>
         <input_file_ref idref="fl-2"/>
      </object_component>
      <object_component id="oc-1b1">
         <name>.debug_info</name>
         <load_address>0x10f</load_address>
         <run_address>0x10f</run_address>
         <size>0x11a</size>
         <input_file_ref idref="fl-2"/>
      </object_component>
      <object_component id="oc-150">
         <name>.debug_info</name>
         <load_address>0x229</load_address>
         <run_address>0x229</run_address>
         <size>0x84</size>
         <input_file_ref idref="fl-2"/>
      </object_component>
      <object_component id="oc-1ce">
         <name>.debug_info</name>
         <load_address>0x2ad</load_address>
         <run_address>0x2ad</run_address>
         <size>0x18b</size>
         <input_file_ref idref="fl-2"/>
      </object_component>
      <object_component id="oc-1a5">
         <name>.debug_info</name>
         <load_address>0x438</load_address>
         <run_address>0x438</run_address>
         <size>0xf6</size>
         <input_file_ref idref="fl-3"/>
      </object_component>
      <object_component id="oc-22c">
         <name>.debug_info</name>
         <load_address>0x52e</load_address>
         <run_address>0x52e</run_address>
         <size>0x19f</size>
         <input_file_ref idref="fl-4"/>
      </object_component>
      <object_component id="oc-3e4">
         <name>.debug_info</name>
         <load_address>0x6cd</load_address>
         <run_address>0x6cd</run_address>
         <size>0xde</size>
         <input_file_ref idref="fl-4"/>
      </object_component>
      <object_component id="oc-1ab">
         <name>.debug_info</name>
         <load_address>0x7ab</load_address>
         <run_address>0x7ab</run_address>
         <size>0x132</size>
         <input_file_ref idref="fl-4"/>
      </object_component>
      <object_component id="oc-312">
         <name>.debug_info</name>
         <load_address>0x8dd</load_address>
         <run_address>0x8dd</run_address>
         <size>0x145</size>
         <input_file_ref idref="fl-4"/>
      </object_component>
      <object_component id="oc-305">
         <name>.debug_info</name>
         <load_address>0xa22</load_address>
         <run_address>0xa22</run_address>
         <size>0x19a</size>
         <input_file_ref idref="fl-4"/>
      </object_component>
      <object_component id="oc-30c">
         <name>.debug_info</name>
         <load_address>0xbbc</load_address>
         <run_address>0xbbc</run_address>
         <size>0x25b</size>
         <input_file_ref idref="fl-4"/>
      </object_component>
      <object_component id="oc-252">
         <name>.debug_info</name>
         <load_address>0xe17</load_address>
         <run_address>0xe17</run_address>
         <size>0x2bf</size>
         <input_file_ref idref="fl-4"/>
      </object_component>
      <object_component id="oc-24b">
         <name>.debug_info</name>
         <load_address>0x10d6</load_address>
         <run_address>0x10d6</run_address>
         <size>0x1bb</size>
         <input_file_ref idref="fl-4"/>
      </object_component>
      <object_component id="oc-168">
         <name>.debug_info</name>
         <load_address>0x1291</load_address>
         <run_address>0x1291</run_address>
         <size>0xc17</size>
         <input_file_ref idref="fl-5"/>
      </object_component>
      <object_component id="oc-196">
         <name>.debug_info</name>
         <load_address>0x1ea8</load_address>
         <run_address>0x1ea8</run_address>
         <size>0xf8</size>
         <input_file_ref idref="fl-5"/>
      </object_component>
      <object_component id="oc-260">
         <name>.debug_info</name>
         <load_address>0x1fa0</load_address>
         <run_address>0x1fa0</run_address>
         <size>0x10b</size>
         <input_file_ref idref="fl-5"/>
      </object_component>
      <object_component id="oc-4ab">
         <name>.debug_info</name>
         <load_address>0x20ab</load_address>
         <run_address>0x20ab</run_address>
         <size>0x1b4</size>
         <input_file_ref idref="fl-5"/>
      </object_component>
      <object_component id="oc-4b7">
         <name>.debug_info</name>
         <load_address>0x225f</load_address>
         <run_address>0x225f</run_address>
         <size>0x183</size>
         <input_file_ref idref="fl-5"/>
      </object_component>
      <object_component id="oc-4d2">
         <name>.debug_info</name>
         <load_address>0x23e2</load_address>
         <run_address>0x23e2</run_address>
         <size>0x171</size>
         <input_file_ref idref="fl-5"/>
      </object_component>
      <object_component id="oc-4f9">
         <name>.debug_info</name>
         <load_address>0x2553</load_address>
         <run_address>0x2553</run_address>
         <size>0x14e</size>
         <input_file_ref idref="fl-5"/>
      </object_component>
      <object_component id="oc-4b1">
         <name>.debug_info</name>
         <load_address>0x26a1</load_address>
         <run_address>0x26a1</run_address>
         <size>0x184</size>
         <input_file_ref idref="fl-5"/>
      </object_component>
      <object_component id="oc-231">
         <name>.debug_info</name>
         <load_address>0x2825</load_address>
         <run_address>0x2825</run_address>
         <size>0x37c</size>
         <input_file_ref idref="fl-5"/>
      </object_component>
      <object_component id="oc-244">
         <name>.debug_info</name>
         <load_address>0x2ba1</load_address>
         <run_address>0x2ba1</run_address>
         <size>0x194</size>
         <input_file_ref idref="fl-5"/>
      </object_component>
      <object_component id="oc-1b7">
         <name>.debug_info</name>
         <load_address>0x2d35</load_address>
         <run_address>0x2d35</run_address>
         <size>0x1e6</size>
         <input_file_ref idref="fl-5"/>
      </object_component>
      <object_component id="oc-199">
         <name>.debug_info</name>
         <load_address>0x2f1b</load_address>
         <run_address>0x2f1b</run_address>
         <size>0x100</size>
         <input_file_ref idref="fl-5"/>
      </object_component>
      <object_component id="oc-1c3">
         <name>.debug_info</name>
         <load_address>0x301b</load_address>
         <run_address>0x301b</run_address>
         <size>0x183</size>
         <input_file_ref idref="fl-5"/>
      </object_component>
      <object_component id="oc-1bd">
         <name>.debug_info</name>
         <load_address>0x319e</load_address>
         <run_address>0x319e</run_address>
         <size>0x13c</size>
         <input_file_ref idref="fl-5"/>
      </object_component>
      <object_component id="oc-13b">
         <name>.debug_info</name>
         <load_address>0x32da</load_address>
         <run_address>0x32da</run_address>
         <size>0x1b9</size>
         <input_file_ref idref="fl-5"/>
      </object_component>
      <object_component id="oc-fc">
         <name>.debug_info</name>
         <load_address>0x3493</load_address>
         <run_address>0x3493</run_address>
         <size>0xfb</size>
         <input_file_ref idref="fl-5"/>
      </object_component>
      <object_component id="oc-1e2">
         <name>.debug_info</name>
         <load_address>0x358e</load_address>
         <run_address>0x358e</run_address>
         <size>0x370</size>
         <input_file_ref idref="fl-5"/>
      </object_component>
      <object_component id="oc-1f1">
         <name>.debug_info</name>
         <load_address>0x38fe</load_address>
         <run_address>0x38fe</run_address>
         <size>0x173</size>
         <input_file_ref idref="fl-5"/>
      </object_component>
      <object_component id="oc-1fd">
         <name>.debug_info</name>
         <load_address>0x3a71</load_address>
         <run_address>0x3a71</run_address>
         <size>0x55</size>
         <input_file_ref idref="fl-5"/>
      </object_component>
      <object_component id="oc-1ec">
         <name>.debug_info</name>
         <load_address>0x3ac6</load_address>
         <run_address>0x3ac6</run_address>
         <size>0xe6</size>
         <input_file_ref idref="fl-5"/>
      </object_component>
      <object_component id="oc-1d8">
         <name>.debug_info</name>
         <load_address>0x3bac</load_address>
         <run_address>0x3bac</run_address>
         <size>0x87f</size>
         <input_file_ref idref="fl-5"/>
      </object_component>
      <object_component id="oc-1dd">
         <name>.debug_info</name>
         <load_address>0x442b</load_address>
         <run_address>0x442b</run_address>
         <size>0x611</size>
         <input_file_ref idref="fl-5"/>
      </object_component>
      <object_component id="oc-1d3">
         <name>.debug_info</name>
         <load_address>0x4a3c</load_address>
         <run_address>0x4a3c</run_address>
         <size>0x92b</size>
         <input_file_ref idref="fl-5"/>
      </object_component>
      <object_component id="oc-1e7">
         <name>.debug_info</name>
         <load_address>0x5367</load_address>
         <run_address>0x5367</run_address>
         <size>0x6c8</size>
         <input_file_ref idref="fl-5"/>
      </object_component>
      <object_component id="oc-1f6">
         <name>.debug_info</name>
         <load_address>0x5a2f</load_address>
         <run_address>0x5a2f</run_address>
         <size>0x46</size>
         <input_file_ref idref="fl-5"/>
      </object_component>
      <object_component id="oc-394">
         <name>.debug_info</name>
         <load_address>0x5a75</load_address>
         <run_address>0x5a75</run_address>
         <size>0x2c</size>
         <input_file_ref idref="fl-5"/>
      </object_component>
      <object_component id="oc-157">
         <name>.debug_info</name>
         <load_address>0x5aa1</load_address>
         <run_address>0x5aa1</run_address>
         <size>0x2c</size>
         <input_file_ref idref="fl-5"/>
      </object_component>
      <object_component id="oc-399">
         <name>.debug_info</name>
         <load_address>0x5acd</load_address>
         <run_address>0x5acd</run_address>
         <size>0x742</size>
         <input_file_ref idref="fl-6"/>
      </object_component>
      <object_component id="oc-335">
         <name>.debug_info</name>
         <load_address>0x620f</load_address>
         <run_address>0x620f</run_address>
         <size>0x1de</size>
         <input_file_ref idref="fl-6"/>
      </object_component>
      <object_component id="oc-2b9">
         <name>.debug_info</name>
         <load_address>0x63ed</load_address>
         <run_address>0x63ed</run_address>
         <size>0x207</size>
         <input_file_ref idref="fl-6"/>
      </object_component>
      <object_component id="oc-45a">
         <name>.debug_info</name>
         <load_address>0x65f4</load_address>
         <run_address>0x65f4</run_address>
         <size>0x227</size>
         <input_file_ref idref="fl-6"/>
      </object_component>
      <object_component id="oc-474">
         <name>.debug_info</name>
         <load_address>0x681b</load_address>
         <run_address>0x681b</run_address>
         <size>0x20d</size>
         <input_file_ref idref="fl-6"/>
      </object_component>
      <object_component id="oc-2f7">
         <name>.debug_info</name>
         <load_address>0x6a28</load_address>
         <run_address>0x6a28</run_address>
         <size>0x8cd</size>
         <input_file_ref idref="fl-7"/>
      </object_component>
      <object_component id="oc-3dc">
         <name>.debug_info</name>
         <load_address>0x72f5</load_address>
         <run_address>0x72f5</run_address>
         <size>0x118</size>
         <input_file_ref idref="fl-7"/>
      </object_component>
      <object_component id="oc-332">
         <name>.debug_info</name>
         <load_address>0x740d</load_address>
         <run_address>0x740d</run_address>
         <size>0x200</size>
         <input_file_ref idref="fl-7"/>
      </object_component>
      <object_component id="oc-2f1">
         <name>.debug_info</name>
         <load_address>0x760d</load_address>
         <run_address>0x760d</run_address>
         <size>0x1e8</size>
         <input_file_ref idref="fl-7"/>
      </object_component>
      <object_component id="oc-23e">
         <name>.debug_info</name>
         <load_address>0x77f5</load_address>
         <run_address>0x77f5</run_address>
         <size>0x37d</size>
         <input_file_ref idref="fl-7"/>
      </object_component>
      <object_component id="oc-4ff">
         <name>.debug_info</name>
         <load_address>0x7b72</load_address>
         <run_address>0x7b72</run_address>
         <size>0x2da</size>
         <input_file_ref idref="fl-7"/>
      </object_component>
      <object_component id="oc-4f1">
         <name>.debug_info</name>
         <load_address>0x7e4c</load_address>
         <run_address>0x7e4c</run_address>
         <size>0x286</size>
         <input_file_ref idref="fl-7"/>
      </object_component>
      <object_component id="oc-26f">
         <name>.debug_info</name>
         <load_address>0x80d2</load_address>
         <run_address>0x80d2</run_address>
         <size>0x350</size>
         <input_file_ref idref="fl-7"/>
      </object_component>
      <object_component id="oc-275">
         <name>.debug_info</name>
         <load_address>0x8422</load_address>
         <run_address>0x8422</run_address>
         <size>0x2d1</size>
         <input_file_ref idref="fl-7"/>
      </object_component>
      <object_component id="oc-4a5">
         <name>.debug_info</name>
         <load_address>0x86f3</load_address>
         <run_address>0x86f3</run_address>
         <size>0x29d</size>
         <input_file_ref idref="fl-7"/>
      </object_component>
      <object_component id="oc-34d">
         <name>.debug_info</name>
         <load_address>0x8990</load_address>
         <run_address>0x8990</run_address>
         <size>0x5b8</size>
         <input_file_ref idref="fl-7"/>
      </object_component>
      <object_component id="oc-2f8">
         <name>.debug_info</name>
         <load_address>0x8f48</load_address>
         <run_address>0x8f48</run_address>
         <size>0x236f</size>
         <input_file_ref idref="fl-7"/>
      </object_component>
      <object_component id="oc-341">
         <name>.debug_info</name>
         <load_address>0xb2b7</load_address>
         <run_address>0xb2b7</run_address>
         <size>0x178</size>
         <input_file_ref idref="fl-7"/>
      </object_component>
      <object_component id="oc-31e">
         <name>.debug_info</name>
         <load_address>0xb42f</load_address>
         <run_address>0xb42f</run_address>
         <size>0xa0b</size>
         <input_file_ref idref="fl-8"/>
      </object_component>
      <object_component id="oc-41f">
         <name>.debug_info</name>
         <load_address>0xbe3a</load_address>
         <run_address>0xbe3a</run_address>
         <size>0x16a</size>
         <input_file_ref idref="fl-8"/>
      </object_component>
      <object_component id="oc-49e">
         <name>.debug_info</name>
         <load_address>0xbfa4</load_address>
         <run_address>0xbfa4</run_address>
         <size>0x121</size>
         <input_file_ref idref="fl-8"/>
      </object_component>
      <object_component id="oc-487">
         <name>.debug_info</name>
         <load_address>0xc0c5</load_address>
         <run_address>0xc0c5</run_address>
         <size>0x121</size>
         <input_file_ref idref="fl-8"/>
      </object_component>
      <object_component id="oc-2bf">
         <name>.debug_info</name>
         <load_address>0xc1e6</load_address>
         <run_address>0xc1e6</run_address>
         <size>0x163</size>
         <input_file_ref idref="fl-8"/>
      </object_component>
      <object_component id="oc-48d">
         <name>.debug_info</name>
         <load_address>0xc349</load_address>
         <run_address>0xc349</run_address>
         <size>0x113</size>
         <input_file_ref idref="fl-8"/>
      </object_component>
      <object_component id="oc-2c2">
         <name>.debug_info</name>
         <load_address>0xc45c</load_address>
         <run_address>0xc45c</run_address>
         <size>0x2fc</size>
         <input_file_ref idref="fl-8"/>
      </object_component>
      <object_component id="oc-2b3">
         <name>.debug_info</name>
         <load_address>0xc758</load_address>
         <run_address>0xc758</run_address>
         <size>0x2ea</size>
         <input_file_ref idref="fl-8"/>
      </object_component>
      <object_component id="oc-33b">
         <name>.debug_info</name>
         <load_address>0xca42</load_address>
         <run_address>0xca42</run_address>
         <size>0x260</size>
         <input_file_ref idref="fl-8"/>
      </object_component>
      <object_component id="oc-2ce">
         <name>.debug_info</name>
         <load_address>0xcca2</load_address>
         <run_address>0xcca2</run_address>
         <size>0x20b</size>
         <input_file_ref idref="fl-8"/>
      </object_component>
      <object_component id="oc-325">
         <name>.debug_info</name>
         <load_address>0xcead</load_address>
         <run_address>0xcead</run_address>
         <size>0x2ea</size>
         <input_file_ref idref="fl-8"/>
      </object_component>
      <object_component id="oc-3ff">
         <name>.debug_info</name>
         <load_address>0xd197</load_address>
         <run_address>0xd197</run_address>
         <size>0x343</size>
         <input_file_ref idref="fl-8"/>
      </object_component>
      <object_component id="oc-442">
         <name>.debug_info</name>
         <load_address>0xd4da</load_address>
         <run_address>0xd4da</run_address>
         <size>0x6b1</size>
         <input_file_ref idref="fl-8"/>
      </object_component>
      <object_component id="oc-448">
         <name>.debug_info</name>
         <load_address>0xdb8b</load_address>
         <run_address>0xdb8b</run_address>
         <size>0x261</size>
         <input_file_ref idref="fl-8"/>
      </object_component>
      <object_component id="oc-405">
         <name>.debug_info</name>
         <load_address>0xddec</load_address>
         <run_address>0xddec</run_address>
         <size>0x255</size>
         <input_file_ref idref="fl-8"/>
      </object_component>
      <object_component id="oc-3b7">
         <name>.debug_info</name>
         <load_address>0xe041</load_address>
         <run_address>0xe041</run_address>
         <size>0x25b</size>
         <input_file_ref idref="fl-8"/>
      </object_component>
      <object_component id="oc-46e">
         <name>.debug_info</name>
         <load_address>0xe29c</load_address>
         <run_address>0xe29c</run_address>
         <size>0x23c</size>
         <input_file_ref idref="fl-8"/>
      </object_component>
      <object_component id="oc-468">
         <name>.debug_info</name>
         <load_address>0xe4d8</load_address>
         <run_address>0xe4d8</run_address>
         <size>0x355</size>
         <input_file_ref idref="fl-8"/>
      </object_component>
      <object_component id="oc-355">
         <name>.debug_info</name>
         <load_address>0xe82d</load_address>
         <run_address>0xe82d</run_address>
         <size>0x21b</size>
         <input_file_ref idref="fl-8"/>
      </object_component>
      <object_component id="oc-50d">
         <name>.debug_info</name>
         <load_address>0xea48</load_address>
         <run_address>0xea48</run_address>
         <size>0x308</size>
         <input_file_ref idref="fl-8"/>
      </object_component>
      <object_component id="oc-39d">
         <name>.debug_info</name>
         <load_address>0xed50</load_address>
         <run_address>0xed50</run_address>
         <size>0x3f5</size>
         <input_file_ref idref="fl-8"/>
      </object_component>
      <object_component id="oc-2eb">
         <name>.debug_info</name>
         <load_address>0xf145</load_address>
         <run_address>0xf145</run_address>
         <size>0x3f1</size>
         <input_file_ref idref="fl-8"/>
      </object_component>
      <object_component id="oc-3ca">
         <name>.debug_info</name>
         <load_address>0xf536</load_address>
         <run_address>0xf536</run_address>
         <size>0x2ac</size>
         <input_file_ref idref="fl-8"/>
      </object_component>
      <object_component id="oc-47a">
         <name>.debug_info</name>
         <load_address>0xf7e2</load_address>
         <run_address>0xf7e2</run_address>
         <size>0x2ca</size>
         <input_file_ref idref="fl-8"/>
      </object_component>
      <object_component id="oc-2e5">
         <name>.debug_info</name>
         <load_address>0xfaac</load_address>
         <run_address>0xfaac</run_address>
         <size>0x1f5</size>
         <input_file_ref idref="fl-8"/>
      </object_component>
      <object_component id="oc-3d0">
         <name>.debug_info</name>
         <load_address>0xfca1</load_address>
         <run_address>0xfca1</run_address>
         <size>0x1eb</size>
         <input_file_ref idref="fl-8"/>
      </object_component>
      <object_component id="oc-3f9">
         <name>.debug_info</name>
         <load_address>0xfe8c</load_address>
         <run_address>0xfe8c</run_address>
         <size>0x1f5</size>
         <input_file_ref idref="fl-8"/>
      </object_component>
      <object_component id="oc-3a3">
         <name>.debug_info</name>
         <load_address>0x10081</load_address>
         <run_address>0x10081</run_address>
         <size>0x1f0</size>
         <input_file_ref idref="fl-8"/>
      </object_component>
      <object_component id="oc-40b">
         <name>.debug_info</name>
         <load_address>0x10271</load_address>
         <run_address>0x10271</run_address>
         <size>0x1e3</size>
         <input_file_ref idref="fl-8"/>
      </object_component>
      <object_component id="oc-3a9">
         <name>.debug_info</name>
         <load_address>0x10454</load_address>
         <run_address>0x10454</run_address>
         <size>0x1de</size>
         <input_file_ref idref="fl-8"/>
      </object_component>
      <object_component id="oc-375">
         <name>.debug_info</name>
         <load_address>0x10632</load_address>
         <run_address>0x10632</run_address>
         <size>0x1f1</size>
         <input_file_ref idref="fl-8"/>
      </object_component>
      <object_component id="oc-347">
         <name>.debug_info</name>
         <load_address>0x10823</load_address>
         <run_address>0x10823</run_address>
         <size>0x1e4</size>
         <input_file_ref idref="fl-8"/>
      </object_component>
      <object_component id="oc-3f1">
         <name>.debug_info</name>
         <load_address>0x10a07</load_address>
         <run_address>0x10a07</run_address>
         <size>0x12d</size>
         <input_file_ref idref="fl-8"/>
      </object_component>
      <object_component id="oc-36d">
         <name>.debug_info</name>
         <load_address>0x10b34</load_address>
         <run_address>0x10b34</run_address>
         <size>0x8d8</size>
         <input_file_ref idref="fl-b"/>
      </object_component>
      <object_component id="oc-427">
         <name>.debug_info</name>
         <load_address>0x1140c</load_address>
         <run_address>0x1140c</run_address>
         <size>0x321</size>
         <input_file_ref idref="fl-b"/>
      </object_component>
      <object_component id="oc-367">
         <name>.debug_info</name>
         <load_address>0x1172d</load_address>
         <run_address>0x1172d</run_address>
         <size>0x3fe</size>
         <input_file_ref idref="fl-b"/>
      </object_component>
      <object_component id="oc-299">
         <name>.debug_info</name>
         <load_address>0x11b2b</load_address>
         <run_address>0x11b2b</run_address>
         <size>0x24a</size>
         <input_file_ref idref="fl-b"/>
      </object_component>
      <object_component id="oc-4c6">
         <name>.debug_info</name>
         <load_address>0x11d75</load_address>
         <run_address>0x11d75</run_address>
         <size>0x2b7</size>
         <input_file_ref idref="fl-b"/>
      </object_component>
      <object_component id="oc-4cc">
         <name>.debug_info</name>
         <load_address>0x1202c</load_address>
         <run_address>0x1202c</run_address>
         <size>0x2d6</size>
         <input_file_ref idref="fl-b"/>
      </object_component>
      <object_component id="oc-4bf">
         <name>.debug_info</name>
         <load_address>0x12302</load_address>
         <run_address>0x12302</run_address>
         <size>0x225</size>
         <input_file_ref idref="fl-b"/>
      </object_component>
      <object_component id="oc-490">
         <name>.debug_info</name>
         <load_address>0x12527</load_address>
         <run_address>0x12527</run_address>
         <size>0x2f0</size>
         <input_file_ref idref="fl-b"/>
      </object_component>
      <object_component id="oc-4d8">
         <name>.debug_info</name>
         <load_address>0x12817</load_address>
         <run_address>0x12817</run_address>
         <size>0x250</size>
         <input_file_ref idref="fl-b"/>
      </object_component>
      <object_component id="oc-496">
         <name>.debug_info</name>
[...]
      </symbol>
      <symbol id="sm-725">
         <name>_SlDrvDriverCBInit</name>
         <value>0x10bcc</value>
         <object_component_ref idref="oc-2b2"/>
      </symbol>
      <symbol id="sm-726">
         <name>g_pCB</name>
         <value>0x1e58</value>
         <object_component_ref idref="oc-2be"/>
      </symbol>
      <symbol id="sm-727">
         <name>_SlDrvProtectionObjLockWaitForever</name>
         <value>0x129f2</value>
         <object_component_ref idref="oc-3a2"/>
      </symbol>
      <symbol id="sm-728">
         <name>_SlDrvClassifyRxMsg</name>
         <value>0x11e3a</value>
         <object_component_ref idref="oc-46d"/>
      </symbol>
      <symbol id="sm-729">
         <name>_SlDrvCmdOp</name>
         <value>0x11958</value>
         <object_component_ref idref="oc-324"/>
      </symbol>
      <symbol id="sm-72a">
         <name>_SlDrvMsgReadCmdCtx</name>
         <value>0x118bc</value>
         <object_component_ref idref="oc-404"/>
      </symbol>
      <symbol id="sm-72b">
         <name>RxMsgClassLUT</name>
         <value>0x49a6</value>
         <object_component_ref idref="oc-48c"/>
      </symbol>
      <symbol id="sm-72c">
         <name>_SlFindAndSetActiveObj</name>
         <value>0x10ecc</value>
         <object_component_ref idref="oc-479"/>
      </symbol>
      <symbol id="sm-72d">
         <name>_SlDrvMemZero</name>
         <value>0x12b78</value>
         <object_component_ref idref="oc-374"/>
      </symbol>
      <symbol id="sm-72e">
         <name>_SlDrvWaitForPoolObj</name>
         <value>0x10a3e</value>
         <object_component_ref idref="oc-39c"/>
      </symbol>
      <symbol id="sm-72f">
         <name>_SlDrvSyncObjSignal</name>
         <value>0x12b20</value>
         <object_component_ref idref="oc-3cf"/>
      </symbol>
      <symbol id="sm-730">
         <name>g_H2NCnysPattern</name>
         <value>0x49e2</value>
         <object_component_ref idref="oc-41e"/>
      </symbol>
      <symbol id="sm-731">
         <name>_SlDrvMsgWrite</name>
         <value>0x1101c</value>
         <object_component_ref idref="oc-3fe"/>
      </symbol>
      <symbol id="sm-732">
         <name>_SlDrvRxIrqHandler</name>
         <value>0x12746</value>
         <object_component_ref idref="oc-2cd"/>
      </symbol>
      <symbol id="sm-733">
         <name>_SlDrvMsgRead</name>
         <value>0x10000</value>
         <object_component_ref idref="oc-441"/>
      </symbol>
      <symbol id="sm-734">
         <name>_SlDrvSyncObjWaitForever</name>
         <value>0x12a7c</value>
         <object_component_ref idref="oc-2e4"/>
      </symbol>
      <symbol id="sm-735">
         <name>g_H2NSyncPattern</name>
         <value>0x49da</value>
         <object_component_ref idref="oc-41e"/>
      </symbol>
      <symbol id="sm-736">
         <name>_SlDrvCmdSend</name>
         <value>0x12288</value>
         <object_component_ref idref="oc-50c"/>
      </symbol>
      <symbol id="sm-737">
         <name>_SlActionLookupTable</name>
         <value>0x4946</value>
         <object_component_ref idref="oc-49d"/>
      </symbol>
      <symbol id="sm-795">
         <name>sl_NetAppMDNSUnRegisterService</name>
         <value>0x12966</value>
         <object_component_ref idref="oc-298"/>
      </symbol>
      <symbol id="sm-796">
         <name>_SlNetAppSendTokenValueCmdCtrl</name>
         <value>0x499a</value>
         <object_component_ref idref="oc-426"/>
      </symbol>
      <symbol id="sm-797">
         <name>_SlGetServiceListeCtrl</name>
         <value>0x4986</value>
         <object_component_ref idref="oc-426"/>
      </symbol>
      <symbol id="sm-798">
         <name>_SlNetAppStopCtrl</name>
         <value>0x4982</value>
         <object_component_ref idref="oc-426"/>
      </symbol>
      <symbol id="sm-799">
         <name>_SlNetAppSetCmdCtrl</name>
         <value>0x4996</value>
         <object_component_ref idref="oc-426"/>
      </symbol>
      <symbol id="sm-79a">
         <name>_SlNetAppGetCmdCtrl</name>
         <value>0x499e</value>
         <object_component_ref idref="oc-426"/>
      </symbol>
      <symbol id="sm-79b">
         <name>_sl_HandleAsync_DnsGetHostByName</name>
         <value>0x11776</value>
         <object_component_ref idref="oc-4cb"/>
      </symbol>
      <symbol id="sm-79c">
         <name>_SlRegisterServiceCtrl</name>
         <value>0x498a</value>
         <object_component_ref idref="oc-426"/>
      </symbol>
      <symbol id="sm-79d">
         <name>_sl_HandleAsync_PingResponse</name>
         <value>0x1181e</value>
         <object_component_ref idref="oc-48f"/>
      </symbol>
      <symbol id="sm-79e">
         <name>_SlNetAppStartCtrl</name>
         <value>0x497e</value>
         <object_component_ref idref="oc-426"/>
      </symbol>
      <symbol id="sm-79f">
         <name>_SlDrvNetAppEventHandler</name>
         <value>0x11162</value>
         <object_component_ref idref="oc-495"/>
      </symbol>
      <symbol id="sm-7a0">
         <name>_sl_HandleAsync_DnsGetHostByService</name>
         <value>0x11564</value>
         <object_component_ref idref="oc-4c5"/>
      </symbol>
      <symbol id="sm-7a1">
         <name>_sl_NetAppSendTokenValue</name>
         <value>0x123aa</value>
         <object_component_ref idref="oc-4d7"/>
      </symbol>
      <symbol id="sm-7a2">
         <name>CopyPingResultsToReport</name>
         <value>0x127f4</value>
         <object_component_ref idref="oc-4be"/>
      </symbol>
      <symbol id="sm-7a3">
         <name>_SlGetHostByNameCtrl</name>
         <value>0x4992</value>
         <object_component_ref idref="oc-426"/>
      </symbol>
      <symbol id="sm-7a4">
         <name>_SlGetHostByServiceCtrl</name>
         <value>0x498e</value>
         <object_component_ref idref="oc-426"/>
      </symbol>
      <symbol id="sm-7a5">
         <name>sl_NetAppMDNSRegisterUnregisterService</name>
         <value>0x11320</value>
         <object_component_ref idref="oc-366"/>
      </symbol>
      <symbol id="sm-7bd">
         <name>_SlNetCfgSetCmdCtrl</name>
         <value>0x49f6</value>
         <object_component_ref idref="oc-35b"/>
      </symbol>
      <symbol id="sm-7be">
         <name>_SlNetCfgGetCmdCtrl</name>
         <value>0x49fa</value>
         <object_component_ref idref="oc-35b"/>
      </symbol>
      <symbol id="sm-7bf">
         <name>sl_NetCfgSet</name>
         <value>0x12222</value>
         <object_component_ref idref="oc-28c"/>
      </symbol>
      <symbol id="sm-7f3">
         <name>g__SlNonOsCB</name>
         <value>0x1e22</value>
      </symbol>
      <symbol id="sm-7f4">
         <name>_SlNonOsSemSet</name>
         <value>0x12ba0</value>
         <object_component_ref idref="oc-37a"/>
      </symbol>
      <symbol id="sm-7f5">
         <name>_SlNonOsSpawn</name>
         <value>0x12860</value>
         <object_component_ref idref="oc-3bc"/>
      </symbol>
      <symbol id="sm-7f6">
         <name>_SlNonOsSemGet</name>
         <value>0x1282c</value>
         <object_component_ref idref="oc-380"/>
      </symbol>
      <symbol id="sm-7f7">
         <name>_SlNonOsMainLoopTask</name>
         <value>0x1260a</value>
         <object_component_ref idref="oc-262"/>
      </symbol>
      <symbol id="sm-815">
         <name>_sl_HandleAsync_Connect</name>
         <value>0x11bb2</value>
         <object_component_ref idref="oc-4e4"/>
      </symbol>
      <symbol id="sm-816">
         <name>_sl_HandleAsync_Select</name>
         <value>0x12408</value>
         <object_component_ref idref="oc-4ea"/>
      </symbol>
      <symbol id="sm-817">
         <name>_sl_HandleAsync_Accept</name>
         <value>0x12004</value>
         <object_component_ref idref="oc-4de"/>
      </symbol>
      <symbol id="sm-878">
         <name>sl_WlanDisconnect</name>
         <value>0x12b96</value>
         <object_component_ref idref="oc-286"/>
      </symbol>
      <symbol id="sm-879">
         <name>_SlPolicyGetCmdCtrl</name>
         <value>0x4794</value>
         <object_component_ref idref="oc-321"/>
      </symbol>
      <symbol id="sm-87a">
         <name>_SlPolicySetCmdCtrl</name>
         <value>0x4790</value>
         <object_component_ref idref="oc-321"/>
      </symbol>
      <symbol id="sm-87b">
         <name>_SlRxFilterGetCmdCtrl</name>
         <value>0x47ac</value>
         <object_component_ref idref="oc-321"/>
      </symbol>
      <symbol id="sm-87c">
         <name>_SlRxFilterSetCmdCtrl</name>
         <value>0x47a8</value>
         <object_component_ref idref="oc-321"/>
      </symbol>
      <symbol id="sm-87d">
         <name>_SlProfileGetCmdCtrl</name>
         <value>0x4798</value>
         <object_component_ref idref="oc-321"/>
      </symbol>
      <symbol id="sm-87e">
         <name>_SlWlanGetNetworkListCtrl</name>
         <value>0x47a0</value>
         <object_component_ref idref="oc-321"/>
      </symbol>
      <symbol id="sm-87f">
         <name>sl_WlanPolicySet</name>
         <value>0x12572</value>
         <object_component_ref idref="oc-27a"/>
      </symbol>
      <symbol id="sm-880">
         <name>_SlProfileDelCmdCtrl</name>
         <value>0x479c</value>
         <object_component_ref idref="oc-321"/>
      </symbol>
      <symbol id="sm-881">
         <name>_SlWlanSetModeCmdCtrl</name>
         <value>0x47b4</value>
         <object_component_ref idref="oc-321"/>
      </symbol>
      <symbol id="sm-882">
         <name>_SlWlanCfgSetCmdCtrl</name>
         <value>0x47b8</value>
         <object_component_ref idref="oc-321"/>
      </symbol>
      <symbol id="sm-883">
         <name>_SlWlanCfgGetCmdCtrl</name>
         <value>0x47bc</value>
         <object_component_ref idref="oc-321"/>
      </symbol>
      <symbol id="sm-884">
         <name>sl_WlanProfileDel</name>
         <value>0x1298a</value>
         <object_component_ref idref="oc-280"/>
      </symbol>
      <symbol id="sm-885">
         <name>_SlRxFilterAddtCmdCtrl</name>
         <value>0x47a4</value>
         <object_component_ref idref="oc-321"/>
      </symbol>
      <symbol id="sm-886">
         <name>sl_WlanRxFilterSet</name>
         <value>0x125c2</value>
         <object_component_ref idref="oc-2a4"/>
      </symbol>
      <symbol id="sm-887">
         <name>sl_WlanConnect</name>
         <value>0x10666</value>
         <object_component_ref idref="oc-2fd"/>
      </symbol>
      <symbol id="sm-888">
         <name>sl_WlanSet</name>
         <value>0x1251a</value>
         <object_component_ref idref="oc-292"/>
      </symbol>
      <symbol id="sm-889">
         <name>_SlSmartConfigStartCmdCtrl</name>
         <value>0x47b0</value>
         <object_component_ref idref="oc-321"/>
      </symbol>
      <symbol id="sm-88a">
         <name>sl_WlanSetMode</name>
         <value>0x129ae</value>
         <object_component_ref idref="oc-268"/>
      </symbol>
      <symbol id="sm-8aa">
         <name>g_ucUARTBuffer</name>
         <value>0x1e4a</value>
      </symbol>
      <symbol id="sm-8ab">
         <name>cli_have_cmd</name>
         <value>0x1e6c</value>
         <object_component_ref idref="oc-173"/>
      </symbol>
      <symbol id="sm-8ac">
         <name>__TI_int48</name>
         <value>0xfff0</value>
         <object_component_ref idref="oc-8f"/>
      </symbol>
      <symbol id="sm-8ad">
         <name>UART_ISR</name>
         <value>0x4400</value>
         <object_component_ref idref="oc-10d"/>
      </symbol>
      <symbol id="sm-8ae">
         <name>CLI_Write</name>
         <value>0x12892</value>
         <object_component_ref idref="oc-237"/>
      </symbol>
      <symbol id="sm-914">
         <name>IntIsMasked</name>
         <value>0x1e56</value>
      </symbol>
      <symbol id="sm-915">
         <name>CC3100_InterruptDisable</name>
         <value>0x12b5a</value>
         <object_component_ref idref="oc-415"/>
      </symbol>
      <symbol id="sm-916">
         <name>pIraEventHandler</name>
         <value>0x1e68</value>
         <object_component_ref idref="oc-16c"/>
      </symbol>
      <symbol id="sm-917">
         <name>CC3100_disable</name>
         <value>0x12bb8</value>
         <object_component_ref idref="oc-2c7"/>
      </symbol>
      <symbol id="sm-918">
         <name>__TI_int38</name>
         <value>0xffdc</value>
         <object_component_ref idref="oc-85"/>
      </symbol>
      <symbol id="sm-919">
         <name>__TI_int39</name>
         <value>0xffde</value>
         <object_component_ref idref="oc-86"/>
      </symbol>
      <symbol id="sm-91a">
         <name>__TI_int37</name>
         <value>0xffda</value>
         <object_component_ref idref="oc-84"/>
      </symbol>
      <symbol id="sm-91b">
         <name>CC3100_InterruptEnable</name>
         <value>0x12b30</value>
         <object_component_ref idref="oc-38d"/>
      </symbol>
      <symbol id="sm-91c">
         <name>Port1_ISR</name>
         <value>0x4490</value>
         <object_component_ref idref="oc-107"/>
      </symbol>
      <symbol id="sm-91d">
         <name>Trap_ISR</name>
         <value>0x44b2</value>
         <object_component_ref idref="oc-101"/>
      </symbol>
      <symbol id="sm-91e">
         <name>__TI_int49</name>
         <value>0xfff2</value>
         <object_component_ref idref="oc-90"/>
      </symbol>
      <symbol id="sm-91f">
         <name>__TI_int46</name>
         <value>0xffec</value>
         <object_component_ref idref="oc-8d"/>
      </symbol>
      <symbol id="sm-920">
         <name>__TI_int47</name>
         <value>0xffee</value>
         <object_component_ref idref="oc-8e"/>
      </symbol>
      <symbol id="sm-921">
         <name>__TI_int44</name>
         <value>0xffe8</value>
         <object_component_ref idref="oc-8b"/>
      </symbol>
      <symbol id="sm-922">
         <name>__TI_int45</name>
         <value>0xffea</value>
         <object_component_ref idref="oc-8c"/>
      </symbol>
      <symbol id="sm-923">
         <name>__TI_int42</name>
         <value>0xffe4</value>
         <object_component_ref idref="oc-89"/>
      </symbol>
      <symbol id="sm-924">
         <name>__TI_int43</name>
         <value>0xffe6</value>
         <object_component_ref idref="oc-8a"/>
      </symbol>
      <symbol id="sm-925">
         <name>__TI_int40</name>
         <value>0xffe0</value>
         <object_component_ref idref="oc-87"/>
      </symbol>
      <symbol id="sm-926">
         <name>__TI_int41</name>
         <value>0xffe2</value>
         <object_component_ref idref="oc-88"/>
      </symbol>
      <symbol id="sm-927">
         <name>__TI_int54</name>
         <value>0xfffc</value>
         <object_component_ref idref="oc-95"/>
      </symbol>
      <symbol id="sm-928">
         <name>__TI_int53</name>
         <value>0xfffa</value>
         <object_component_ref idref="oc-94"/>
      </symbol>
      <symbol id="sm-929">
         <name>__TI_int50</name>
         <value>0xfff4</value>
         <object_component_ref idref="oc-91"/>
      </symbol>
      <symbol id="sm-92a">
         <name>__TI_int51</name>
         <value>0xfff6</value>
         <object_component_ref idref="oc-92"/>
      </symbol>
      <symbol id="sm-92b">
         <name>CC3100_enable</name>
         <value>0x12bbe</value>
         <object_component_ref idref="oc-2d9"/>
      </symbol>
      <symbol id="sm-92c">
         <name>registerInterruptHandler</name>
         <value>0x12ba8</value>
         <object_component_ref idref="oc-2d3"/>
      </symbol>
      <symbol id="sm-92d">
         <name>UnMaskIntHdlr</name>
         <value>0x12bca</value>
         <object_component_ref idref="oc-47f"/>
      </symbol>
      <symbol id="sm-92e">
         <name>Delay</name>
         <value>0x129d2</value>
         <object_component_ref idref="oc-387"/>
      </symbol>
      <symbol id="sm-92f">
         <name>MaskIntHdlr</name>
         <value>0x12bc4</value>
         <object_component_ref idref="oc-3b0"/>
      </symbol>
      <symbol id="sm-945">
         <name>__TI_decompress_none</name>
         <value>0x12afe</value>
         <object_component_ref idref="oc-71"/>
      </symbol>
      <symbol id="sm-967">
         <name>__TI_decompress_rle24</name>
         <value>0x12bd0</value>
         <object_component_ref idref="oc-77"/>
      </symbol>
      <symbol id="sm-96a">
         <name>__TI_int30</name>
         <value>0xffcc</value>
         <object_component_ref idref="oc-7d"/>
      </symbol>
      <symbol id="sm-972">
         <name>__TI_ISR_TRAP</name>
         <value>0x44ac</value>
         <object_component_ref idref="oc-f6"/>
      </symbol>
      <symbol id="sm-975">
         <name>__TI_int32</name>
         <value>0xffd0</value>
         <object_component_ref idref="oc-7f"/>
      </symbol>
      <symbol id="sm-978">
         <name>__TI_int33</name>
         <value>0xffd2</value>
         <object_component_ref idref="oc-80"/>
      </symbol>
      <symbol id="sm-97b">
         <name>__TI_int34</name>
         <value>0xffd4</value>
         <object_component_ref idref="oc-81"/>
      </symbol>
      <symbol id="sm-97e">
         <name>__TI_int35</name>
         <value>0xffd6</value>
         <object_component_ref idref="oc-82"/>
      </symbol>
      <symbol id="sm-981">
         <name>__TI_int36</name>
         <value>0xffd8</value>
         <object_component_ref idref="oc-83"/>
      </symbol>
      <symbol id="sm-984">
         <name>__TI_int52</name>
         <value>0xfff8</value>
         <object_component_ref idref="oc-93"/>
      </symbol>
      <symbol id="sm-997">
         <name>__TI_zero_init</name>
         <value>0x12942</value>
         <object_component_ref idref="oc-96"/>
      </symbol>
      <symbol id="sm-9a7">
         <name>__mspabi_mpyi_f5hw</name>
         <value>0x12ad4</value>
         <object_component_ref idref="oc-2df"/>
      </symbol>
      <symbol id="sm-9e0">
         <name>__mspabi_slli</name>
         <value>0x12b8c</value>
         <object_component_ref idref="oc-3d5"/>
      </symbol>
      <symbol id="sm-9ea">
         <name>_stack</name>
         <value>0x2360</value>
         <object_component_ref idref="oc-d8"/>
      </symbol>
      <symbol id="sm-9eb">
         <name>_reset_vector</name>
         <value>0xfffe</value>
         <object_component_ref idref="oc-db"/>
      </symbol>
      <symbol id="sm-a09">
         <name>_auto_init_hold_wdt</name>
         <value>0x120e4</value>
         <object_component_ref idref="oc-120"/>
      </symbol>
      <symbol id="sm-a14">
         <name>_c_int00_noargs_noexit_mpu</name>
         <value>0x4472</value>
         <object_component_ref idref="oc-ba"/>
      </symbol>
      <symbol id="sm-a1d">
         <name>__mpu_init</name>
         <value>0x1291a</value>
         <object_component_ref idref="oc-133"/>
      </symbol>
      <symbol id="sm-a26">
         <name>_system_pre_init</name>
         <value>0x12bd6</value>
         <object_component_ref idref="oc-11a"/>
      </symbol>
      <symbol id="sm-a31">
         <name>C$$EXIT</name>
         <value>0x12bda</value>
         <object_component_ref idref="oc-142"/>
      </symbol>
      <symbol id="sm-a32">
         <name>abort</name>
         <value>0x12bda</value>
         <object_component_ref idref="oc-142"/>
      </symbol>
      <symbol id="sm-a42">
         <name>memcpy</name>
         <value>0x12aea</value>
         <object_component_ref idref="oc-dc"/>
      </symbol>
      <symbol id="sm-a50">
         <name>memset</name>
         <value>0x12abe</value>
         <object_component_ref idref="oc-29e"/>
      </symbol>
      <symbol id="sm-a5d">
         <name>strlen</name>
         <value>0x12b4c</value>
         <object_component_ref idref="oc-2ab"/>
      </symbol>
      <symbol id="sm-a62">
         <name>__TI_INITARRAY_Base</name>
         <value>0x0</value>
      </symbol>
      <symbol id="sm-a63">
         <name>__TI_INITARRAY_Limit</name>
         <value>0x0</value>
      </symbol>
   </symbol_table>
   <title>Link successful</title>
</link_info>
